[new.axilthemes.com/demo/template/tropica/index.html]
[backblue.gif]
[fade.gif]
[index.html]
[new.axilthemes.com/demo/template/tropica/icon/favicon.ico]
[new.axilthemes.com/demo/template/tropica/css/font-awesome.min.css]
[new.axilthemes.com/demo/template/tropica/css/tropica-caviar-icons.css]
[new.axilthemes.com/demo/template/tropica/css/vendor/bootstrap.min.css]
[new.axilthemes.com/demo/template/tropica/css/main.css]
[new.axilthemes.com/demo/template/tropica/css/responsive.css]
[new.axilthemes.com/demo/template/tropica/banner-with-search.html]
[new.axilthemes.com/demo/template/tropica/banner-with-form.html]
[new.axilthemes.com/demo/template/tropica/search-engine-optimization.html]
[new.axilthemes.com/demo/template/tropica/pay-per-click.html]
[new.axilthemes.com/demo/template/tropica/social-media-marketing.html]
[new.axilthemes.com/demo/template/tropica/email-marketing.html]
[new.axilthemes.com/demo/template/tropica/web-development.html]
[new.axilthemes.com/demo/template/tropica/reporting.html]
[new.axilthemes.com/demo/template/tropica/our-work.html]
[new.axilthemes.com/demo/template/tropica/pricing.html]
[new.axilthemes.com/demo/template/tropica/case-studies.html]
[new.axilthemes.com/demo/template/tropica/about-us.html]
[new.axilthemes.com/demo/template/tropica/why-us.html]
[new.axilthemes.com/demo/template/tropica/team.html]
[new.axilthemes.com/demo/template/tropica/client-reviews.html]
[new.axilthemes.com/demo/template/tropica/awards-and-recognitions.html]
[new.axilthemes.com/demo/template/tropica/career.html]
[new.axilthemes.com/demo/template/tropica/apply-for-a-job.html]
[new.axilthemes.com/demo/template/tropica/blog.html]
[new.axilthemes.com/demo/template/tropica/contact.html]
[new.axilthemes.com/demo/template/tropica/faqs.html]
[new.axilthemes.com/demo/template/tropica/privacy-policy.html]
[new.axilthemes.com/demo/template/tropica/terms-conditions.html]
[new.axilthemes.com/demo/template/tropica/under-construction.html]
[new.axilthemes.com/demo/template/tropica/404-error.html]
[new.axilthemes.com/demo/template/tropica/images/brand-logo.png]
[new.axilthemes.com/demo/template/tropica/images/banner-slider-1.png]
[new.axilthemes.com/demo/template/tropica/images/banner-slider-2.png]
[new.axilthemes.com/demo/template/tropica/images/icons/btn-right-arrow.png]
[new.axilthemes.com/demo/template/tropica/images/approach/1.png]
[new.axilthemes.com/demo/template/tropica/images/approach/2.png]
[new.axilthemes.com/demo/template/tropica/images/approach/3.png]
[new.axilthemes.com/demo/template/tropica/images/approach/4.png]
[new.axilthemes.com/demo/template/tropica/images/approach/5.png]
[new.axilthemes.com/demo/template/tropica/images/approach/6.png]
[new.axilthemes.com/demo/template/tropica/images/browser.jpg]
[new.axilthemes.com/demo/template/tropica/images/mission/mission-img.png]
[new.axilthemes.com/demo/template/tropica/images/icons/featured-projects/1.png]
[new.axilthemes.com/demo/template/tropica/images/icons/featured-projects/2.png]
[new.axilthemes.com/demo/template/tropica/images/icons/featured-projects/3.png]
[new.axilthemes.com/demo/template/tropica/images/icons/featured-projects/4.png]
[new.axilthemes.com/demo/template/tropica/case-study-details.html]
[new.axilthemes.com/demo/template/tropica/images/featured/online-store/1.jpg]
[new.axilthemes.com/demo/template/tropica/images/featured/online-store/2.jpg]
[new.axilthemes.com/demo/template/tropica/images/featured/online-store/3.jpg]
[new.axilthemes.com/demo/template/tropica/images/featured/online-store/4.jpg]
[new.axilthemes.com/demo/template/tropica/blog-details.html]
[new.axilthemes.com/demo/template/tropica/images/blog/1.jpg]
[new.axilthemes.com/demo/template/tropica/images/blog/2.jpg]
[new.axilthemes.com/demo/template/tropica/images/blog/3.jpg]
[new.axilthemes.com/demo/template/tropica/images/awards/1.png]
[new.axilthemes.com/demo/template/tropica/images/awards/2.png]
[new.axilthemes.com/demo/template/tropica/images/awards/3.png]
[new.axilthemes.com/demo/template/tropica/images/awards/4.png]
[new.axilthemes.com/demo/template/tropica/images/awards/5.png]
[new.axilthemes.com/demo/template/tropica/images/submit-loader.gif]
[new.axilthemes.com/demo/template/tropica/images/footer-logo.png]
[new.axilthemes.com/demo/template/tropica/images/partner1.png]
[new.axilthemes.com/demo/template/tropica/images/partner2.png]
[new.axilthemes.com/demo/template/tropica/images/partner3.png]
[new.axilthemes.com/demo/template/tropica/js/vendor/jquery-3.2.1.min.js]
[new.axilthemes.com/demo/template/tropica/js/vendor/jquery-migrate.min.js]
[new.axilthemes.com/demo/template/tropica/js/vendor/js.cookie.js]
[new.axilthemes.com/demo/template/tropica/js/vendor/popper.min.js]
[new.axilthemes.com/demo/template/tropica/js/vendor/bootstrap.min.js]
[new.axilthemes.com/demo/template/tropica/js/vendor/easing-1.3.js]
[new.axilthemes.com/demo/template/tropica/js/vendor/imagesloaded.pkgd.min.js]
[new.axilthemes.com/demo/template/tropica/js/vendor/slick.min.js]
[new.axilthemes.com/demo/template/tropica/js/vendor/jquery.waypoints.min.js]
[new.axilthemes.com/demo/template/tropica/js/vendor/jquery.counterup.min.js]
[new.axilthemes.com/demo/template/tropica/js/vendor/isotope.pkgd.min.js]
[new.axilthemes.com/demo/template/tropica/js/vendor/jquery.magnific-popup.min.js]
[new.axilthemes.com/demo/template/tropica/js/vendor/typed.js]
[new.axilthemes.com/demo/template/tropica/switcher/jquery.style.switcher.js]
[new.axilthemes.com/demo/template/tropica/index.html]
[new.axilthemes.com/demo/template/tropica/js/main.js]
[new.axilthemes.com/demo/template/tropica/fonts/fontawesome-webfont3e6e.eot]
[new.axilthemes.com/demo/template/tropica/fonts/fontawesome-webfontd41d.eot]
[new.axilthemes.com/demo/template/tropica/fonts/fontawesome-webfont3e6e.woff2]
[new.axilthemes.com/demo/template/tropica/fonts/fontawesome-webfont3e6e.woff]
[new.axilthemes.com/demo/template/tropica/fonts/fontawesome-webfont3e6e.ttf]
[new.axilthemes.com/demo/template/tropica/css/font-awesome.min.css]
[new.axilthemes.com/demo/template/tropica/fonts/tropica-caviar-icons2813.eot]
[new.axilthemes.com/demo/template/tropica/fonts/tropica-caviar-icons2813.ttf]
[new.axilthemes.com/demo/template/tropica/fonts/tropica-caviar-icons2813.woff]
[new.axilthemes.com/demo/template/tropica/css/tropica-caviar-icons.css]
[new.axilthemes.com/demo/template/tropica/css/vendor/bootstrap.min.css]
[new.axilthemes.com/demo/template/tropica/css/vendor/slick.css]
[new.axilthemes.com/demo/template/tropica/css/vendor/slick-theme.css]
[new.axilthemes.com/demo/template/tropica/css/vendor/magnific-popup.css]
[new.axilthemes.com/demo/template/tropica/images/arrow-left.png]
[new.axilthemes.com/demo/template/tropica/images/arrow-right.png]
[new.axilthemes.com/demo/template/tropica/images/inner-banner/seo.jpg]
[new.axilthemes.com/demo/template/tropica/images/inner-banner/case-study.jpg]
[new.axilthemes.com/demo/template/tropica/images/inner-banner/email-marketing.jpg]
[new.axilthemes.com/demo/template/tropica/images/inner-banner/ppc.jpg]
[new.axilthemes.com/demo/template/tropica/images/inner-banner/smm.jpg]
[new.axilthemes.com/demo/template/tropica/images/inner-banner/reporting.jpg]
[new.axilthemes.com/demo/template/tropica/images/inner-banner/pricing.jpg]
[new.axilthemes.com/demo/template/tropica/images/inner-banner/about-us.jpg]
[new.axilthemes.com/demo/template/tropica/images/inner-banner/awards-banner.jpg]
[new.axilthemes.com/demo/template/tropica/images/inner-banner/client-reviews.jpg]
[new.axilthemes.com/demo/template/tropica/images/inner-banner/why-us.jpg]
[new.axilthemes.com/demo/template/tropica/images/inner-banner/web-development.jpg]
[new.axilthemes.com/demo/template/tropica/images/inner-banner/contact-us.jpg]
[new.axilthemes.com/demo/template/tropica/images/inner-banner/our-work.jpg]
[new.axilthemes.com/demo/template/tropica/images/inner-banner/team.jpg]
[new.axilthemes.com/demo/template/tropica/images/inner-banner/career-banner.jpg]
[new.axilthemes.com/demo/template/tropica/images/inner-banner/banner-with-form.jpg]
[new.axilthemes.com/demo/template/tropica/images/inner-banner/banner-slide-1.jpg]
[new.axilthemes.com/demo/template/tropica/images/inner-banner/banner-slide-2.jpg]
[new.axilthemes.com/demo/template/tropica/images/inner-banner/measure-performance-banner.jpg]
[new.axilthemes.com/demo/template/tropica/images/404-banner.jpg]
[new.axilthemes.com/demo/template/tropica/images/service-hover-bg/1.jpg]
[new.axilthemes.com/demo/template/tropica/images/components-of-seo.jpg]
[new.axilthemes.com/demo/template/tropica/images/smm-strategy.jpg]
[new.axilthemes.com/demo/template/tropica/images/service-hover-bg/2.jpg]
[new.axilthemes.com/demo/template/tropica/images/service-hover-bg/3.jpg]
[new.axilthemes.com/demo/template/tropica/images/service-hover-bg/4.jpg]
[new.axilthemes.com/demo/template/tropica/images/service-hover-bg/5.jpg]
[new.axilthemes.com/demo/template/tropica/images/service-hover-bg/6.jpg]
[new.axilthemes.com/demo/template/tropica/images/reviewers/quotation.png]
[new.axilthemes.com/demo/template/tropica/images/featured-projects/1.jpg]
[new.axilthemes.com/demo/template/tropica/images/featured-projects/2.jpg]
[new.axilthemes.com/demo/template/tropica/images/featured-projects/3.jpg]
[new.axilthemes.com/demo/template/tropica/images/featured-projects/4.jpg]
[new.axilthemes.com/demo/template/tropica/images/featured-projects/5.jpg]
[new.axilthemes.com/demo/template/tropica/images/featured-projects/6.jpg]
[new.axilthemes.com/demo/template/tropica/images/featured-projects/7.jpg]
[new.axilthemes.com/demo/template/tropica/images/featured-projects/8.jpg]
[new.axilthemes.com/demo/template/tropica/images/featured-projects/9.jpg]
[new.axilthemes.com/demo/template/tropica/css/main.css]
[new.axilthemes.com/demo/template/tropica/switcher/my_switcher.css]
[new.axilthemes.com/demo/template/tropica/css/responsive.css]
[new.axilthemes.com/demo/template/tropica/images/banner-browser.png]
[new.axilthemes.com/demo/template/tropica/images/search-bg.png]
[new.axilthemes.com/demo/template/tropica/images/search-bg-2.png]
[new.axilthemes.com/demo/template/tropica/images/search-bg-3.png]
[new.axilthemes.com/demo/template/tropica/banner-with-search.html]
[new.axilthemes.com/demo/template/tropica/banner-with-form.html]
[new.axilthemes.com/demo/template/tropica/images/seo-process/1.png]
[new.axilthemes.com/demo/template/tropica/images/seo-process/2.png]
[new.axilthemes.com/demo/template/tropica/images/seo-process/3.png]
[new.axilthemes.com/demo/template/tropica/images/seo-process/4.png]
[new.axilthemes.com/demo/template/tropica/images/seo-process/5.png]
[new.axilthemes.com/demo/template/tropica/images/components-of-seo/1.jpg]
[new.axilthemes.com/demo/template/tropica/images/components-of-seo/2.jpg]
[new.axilthemes.com/demo/template/tropica/images/components-of-seo/3.jpg]
[new.axilthemes.com/demo/template/tropica/images/components-of-seo/4.jpg]
[new.axilthemes.com/demo/template/tropica/images/components-of-seo/5.jpg]
[new.axilthemes.com/demo/template/tropica/images/components-of-seo/6.jpg]
[new.axilthemes.com/demo/template/tropica/images/components-of-seo/7.jpg]
[new.axilthemes.com/demo/template/tropica/images/reviewers/sources/1.png]
[new.axilthemes.com/demo/template/tropica/images/reviewers/1.png]
[new.axilthemes.com/demo/template/tropica/images/reviewers/sources/2.png]
[new.axilthemes.com/demo/template/tropica/images/reviewers/2.png]
[new.axilthemes.com/demo/template/tropica/images/reviewers/sources/3.png]
[new.axilthemes.com/demo/template/tropica/images/reviewers/3.png]
[new.axilthemes.com/demo/template/tropica/images/reviewers/sources/4.png]
[new.axilthemes.com/demo/template/tropica/images/reviewers/4.png]
[new.axilthemes.com/demo/template/tropica/js/vendor/bootstrap-dynamic-tabs.js]
[new.axilthemes.com/demo/template/tropica/search-engine-optimization.html]
[new.axilthemes.com/demo/template/tropica/js/vendor/jquery.nicescroll.min.js]
[new.axilthemes.com/demo/template/tropica/images/ppc-process/1.png]
[new.axilthemes.com/demo/template/tropica/images/ppc-process/2.png]
[new.axilthemes.com/demo/template/tropica/images/ppc-process/3.png]
[new.axilthemes.com/demo/template/tropica/images/ppc-process/4.png]
[new.axilthemes.com/demo/template/tropica/images/ppc-process/5.png]
[new.axilthemes.com/demo/template/tropica/pay-per-click.html]
[new.axilthemes.com/demo/template/tropica/images/smm-process/1.png]
[new.axilthemes.com/demo/template/tropica/images/smm-process/2.png]
[new.axilthemes.com/demo/template/tropica/images/smm-process/3.png]
[new.axilthemes.com/demo/template/tropica/images/smm-process/4.png]
[new.axilthemes.com/demo/template/tropica/social-media-marketing.html]
[new.axilthemes.com/demo/template/tropica/images/e-marketing-process/1.png]
[new.axilthemes.com/demo/template/tropica/images/e-marketing-process/2.png]
[new.axilthemes.com/demo/template/tropica/images/e-marketing-process/3.png]
[new.axilthemes.com/demo/template/tropica/images/e-marketing-process/4.png]
[new.axilthemes.com/demo/template/tropica/images/e-marketing-process/5.png]
[new.axilthemes.com/demo/template/tropica/email-marketing.html]
[new.axilthemes.com/demo/template/tropica/images/web-development-process/1.png]
[new.axilthemes.com/demo/template/tropica/work-details.html]
[new.axilthemes.com/demo/template/tropica/images/clients/1.png]
[new.axilthemes.com/demo/template/tropica/images/clients/2.png]
[new.axilthemes.com/demo/template/tropica/images/clients/3.png]
[new.axilthemes.com/demo/template/tropica/images/clients/4.png]
[new.axilthemes.com/demo/template/tropica/images/clients/5.png]
[new.axilthemes.com/demo/template/tropica/web-development.html]
[new.axilthemes.com/demo/template/tropica/reporting.html]
[new.axilthemes.com/demo/template/tropica/our-work.html]
[new.axilthemes.com/demo/template/tropica/pricing.html]
[new.axilthemes.com/demo/template/tropica/images/case-study/1.jpg]
[new.axilthemes.com/demo/template/tropica/images/case-study/2.jpg]
[new.axilthemes.com/demo/template/tropica/images/case-study/3.jpg]
[new.axilthemes.com/demo/template/tropica/images/case-study/4.jpg]
[new.axilthemes.com/demo/template/tropica/images/case-study/5.jpg]
[new.axilthemes.com/demo/template/tropica/images/case-study/6.jpg]
[new.axilthemes.com/demo/template/tropica/case-studies.html]
[new.axilthemes.com/demo/template/tropica/images/overview.jpg]
[new.axilthemes.com/demo/template/tropica/images/about-us/more-about/1.jpg]
[new.axilthemes.com/demo/template/tropica/images/about-us/more-about/3.jpg]
[new.axilthemes.com/demo/template/tropica/images/about-us/more-about/2.jpg]
[new.axilthemes.com/demo/template/tropica/images/about-us/more-about/4.jpg]
[new.axilthemes.com/demo/template/tropica/about-us.html]
[new.axilthemes.com/demo/template/tropica/images/why-us/1.jpg]
[new.axilthemes.com/demo/template/tropica/images/why-us/2.jpg]
[new.axilthemes.com/demo/template/tropica/images/why-us/3.jpg]
[new.axilthemes.com/demo/template/tropica/why-us.html]
[new.axilthemes.com/demo/template/tropica/images/about-us/team/1.jpg]
[new.axilthemes.com/demo/template/tropica/images/about-us/team/2.jpg]
[new.axilthemes.com/demo/template/tropica/images/about-us/team/3.jpg]
[new.axilthemes.com/demo/template/tropica/images/about-us/team/4.jpg]
[new.axilthemes.com/demo/template/tropica/images/about-us/team/5.jpg]
[new.axilthemes.com/demo/template/tropica/images/about-us/team/6.jpg]
[new.axilthemes.com/demo/template/tropica/images/about-us/team/7.jpg]
[new.axilthemes.com/demo/template/tropica/images/about-us/team/8.jpg]
[new.axilthemes.com/demo/template/tropica/images/about-us/team/9.jpg]
[new.axilthemes.com/demo/template/tropica/images/about-us/team/10.jpg]
[new.axilthemes.com/demo/template/tropica/images/about-us/team/11.jpg]
[new.axilthemes.com/demo/template/tropica/images/about-us/team/12.jpg]
[new.axilthemes.com/demo/template/tropica/js/vendor/jquery.gridder.min.js]
[new.axilthemes.com/demo/template/tropica/team.html]
[new.axilthemes.com/demo/template/tropica/images/reviewers/sources/p-review/google.png]
[new.axilthemes.com/demo/template/tropica/images/reviewers/sources/p-review/facebook.png]
[new.axilthemes.com/demo/template/tropica/images/reviewers/5.png]
[new.axilthemes.com/demo/template/tropica/images/reviewers/6.png]
[new.axilthemes.com/demo/template/tropica/images/reviewers/7.png]
[new.axilthemes.com/demo/template/tropica/images/reviewers/8.png]
[new.axilthemes.com/demo/template/tropica/images/reviewers/sources/p-review/yelp.png]
[new.axilthemes.com/demo/template/tropica/images/reviewers/9.png]
[new.axilthemes.com/demo/template/tropica/images/reviewers/10.png]
[new.axilthemes.com/demo/template/tropica/images/reviewers/11.png]
[new.axilthemes.com/demo/template/tropica/images/reviewers/12.png]
[new.axilthemes.com/demo/template/tropica/client-reviews.html]
[new.axilthemes.com/demo/template/tropica/images/awards/6.png]
[new.axilthemes.com/demo/template/tropica/images/awards/7.png]
[new.axilthemes.com/demo/template/tropica/images/awards/8.png]
[new.axilthemes.com/demo/template/tropica/images/awards/9.png]
[new.axilthemes.com/demo/template/tropica/awards-and-recognitions.html]
[new.axilthemes.com/demo/template/tropica/images/about-us/team-group-photo.png]
[new.axilthemes.com/demo/template/tropica/career.html]
[new.axilthemes.com/demo/template/tropica/apply-for-a-job.html]
[new.axilthemes.com/demo/template/tropica/images/blog/articles/1.jpg]
[new.axilthemes.com/demo/template/tropica/images/blog/articles/2.jpg]
[new.axilthemes.com/demo/template/tropica/images/blog/articles/3.jpg]
[new.axilthemes.com/demo/template/tropica/images/blog/articles/4.jpg]
[new.axilthemes.com/demo/template/tropica/images/blog/media/1.jpg]
[new.axilthemes.com/demo/template/tropica/images/blog/media/2.jpg]
[new.axilthemes.com/demo/template/tropica/images/blog/media/3.jpg]
[new.axilthemes.com/demo/template/tropica/blog.html]
[new.axilthemes.com/demo/template/tropica/contact.html]
[new.axilthemes.com/demo/template/tropica/faqs.html]
[new.axilthemes.com/demo/template/tropica/privacy-policy.html]
[new.axilthemes.com/demo/template/tropica/terms-conditions.html]
[new.axilthemes.com/demo/template/tropica/images/under-construction.png]
[new.axilthemes.com/demo/template/tropica/under-construction.html]
[new.axilthemes.com/demo/template/tropica/images/404-error.png]
[new.axilthemes.com/demo/template/tropica/images/floating-ballon.png]
[new.axilthemes.com/demo/template/tropica/404-error.html]
[new.axilthemes.com/demo/template/tropica/images/case-study/details/1.jpg]
[new.axilthemes.com/demo/template/tropica/images/case-study/details/2.jpg]
[new.axilthemes.com/demo/template/tropica/images/case-study/details/3.jpg]
[new.axilthemes.com/demo/template/tropica/images/case-study/details/4.jpg]
[new.axilthemes.com/demo/template/tropica/case-study-details.html]
[new.axilthemes.com/demo/template/tropica/images/blog/media/author/1.jpg]
[new.axilthemes.com/demo/template/tropica/blog-details.html]
[new.axilthemes.com/demo/template/tropica/images/icons/play-1.svg]
[new.axilthemes.com/demo/template/tropica/fonts/fontawesome-webfont3e6e.svg]
[new.axilthemes.com/demo/template/tropica/fonts/tropica-caviar-icons2813.svg]
[new.axilthemes.com/demo/template/tropica/images/our-work/1.jpg]
[new.axilthemes.com/demo/template/tropica/images/our-work/2.jpg]
[new.axilthemes.com/demo/template/tropica/images/our-work/3.jpg]
[new.axilthemes.com/demo/template/tropica/images/our-work/content-box-1.png]
[new.axilthemes.com/demo/template/tropica/work-details.html]
[new.axilthemes.com/demo/template/tropica/css/vendor/jquery.gridder.min.css]
[new.axilthemes.com/demo/template/tropica/images/icons/map-1.svg]
[new.axilthemes.com/demo/template/tropica/images/icons/map-2.svg]
[new.axilthemes.com/demo/template/tropica/images/icons/map-3.svg]
